// Jest Snapshot v1, https://goo.gl/fbAQLP

exports[`FooterThirdColumn.vue matches snapshot 1`] = `
<div
  class="column"
>
  <h4
    class="has-text-weight-bold is-uppercase mb-2"
  >
    
    Theo dõi chúng tôi trên mạng xã hội
  
  </h4>
   
  <a
    class="footer-third-column__link"
    href="https://www.facebook.com/cuahangbaohiem"
    no-referrer=""
    target="_blank"
  >
    <span
      class="icon is-medium"
    >
      <i
        class="fab fa-lg fa-facebook"
      />
    </span>
  </a>
</div>
`;
