// Jest Snapshot v1, https://goo.gl/fbAQLP

exports[`FooterSecondColumn.vue matches snapshot 1`] = `
<div
  class="column"
>
  <h4
    class="has-text-weight-bold is-uppercase"
  >
    Sản phâm
  </h4>
   
  <ul
    class="is-size-7 mt-2"
  >
    <li
      class="footer-second-column__list-item mt-1 ml-4"
    >
      <nuxt-link
        class="footer-second-column__link"
        to="/san-pham/o-to"
      >
        Ô tô
      </nuxt-link>
    </li>
    <li
      class="footer-second-column__list-item mt-1 ml-4"
    >
      <nuxt-link
        class="footer-second-column__link"
        to="/san-pham/tai-nan"
      >
        Tai nạn 24/24
      </nuxt-link>
    </li>
    <li
      class="footer-second-column__list-item mt-1 ml-4"
    >
      <nuxt-link
        class="footer-second-column__link"
        to="/san-pham/nha-tu-nhan"
      >
        Nhà tư nhân
      </nuxt-link>
    </li>
    <li
      class="footer-second-column__list-item mt-1 ml-4"
    >
      <nuxt-link
        class="footer-second-column__link"
        to="/san-pham/xe-may"
      >
        Xe máy
      </nuxt-link>
    </li>
  </ul>
</div>
`;
