// Jest Snapshot v1, https://goo.gl/fbAQLP

exports[`TheFooter.vue matches snapshot 1`] = `
<footer
  class="the-footer footer has-background-dark has-text-white"
>
  <div
    class="columns"
  >
    <footerfirstcolumn />
     
    <footersecondcolumn />
     
    <footerthirdcolumn />
  </div>
</footer>
`;
